michal@michal:~/Pulpit/DEVOPS$ mkdir keys
michal@michal:~/Pulpit/DEVOPS$ cd keys
michal@michal:~/Pulpit/DEVOPS/keys$ ls
michal@michal:~/Pulpit/DEVOPS/keys$ ssh-keygen -t ed25519 -C qrk1@interia.pl
Generating public/private ed25519 key pair.
Enter file in which to save the key (/home/michal/.ssh/id_ed25519): nopasskey
Enter passphrase (empty for no passphrase):
Enter same passphrase again:
Your identification has been saved in nopasskey
Your public key has been saved in nopasskey.pub
The key fingerprint is:
SHA256:7UcD/B1lRoQUNv8jPGJrRJnhjgVvGWYsVscwpJHfXLg qrk1@interia.pl
The key's randomart image is:
+--[ED25519 256]--+
|         o=Xoo*=*|
|         =O.O+.B |
|        ..=Xo + .|
|         .*+.E ..|
|        S..=++...|
|         .o.o.o .|
|          .o.    |
|          ..     |
|                 |
+----[SHA256]-----+
michal@michal:~/Pulpit/DEVOPS/keys$ cat nopasskey.pub
ssh-ed25519 AAAAC3NzaC1lZDI1NTE5AAAAIBTUm1nQPguDRuZp3dyibFXKCGEV7xXMCyVz6CIoJXxp qrk1@interia.pl
michal@michal:~/Pulpit/DEVOPS/keys$ ssh-keygen -y -f ./nopasskey
ssh-ed25519 AAAAC3NzaC1lZDI1NTE5AAAAIBTUm1nQPguDRuZp3dyibFXKCGEV7xXMCyVz6CIoJXxp qrk1@interia.pl
michal@michal:~/Pulpit/DEVOPS/keys$ ssh-keygen -t ed25519 -C qrk1@interia.pl
Generating public/private ed25519 key pair.
Enter file in which to save the key (/home/michal/.ssh/id_ed25519): passkey
Enter passphrase (empty for no passphrase):
Enter same passphrase again:
Your identification has been saved in passkey
Your public key has been saved in passkey.pub
The key fingerprint is:
SHA256:V15f/p9tfHAC7tXhLhccc15jSfijlqhjFTbSAwLs0/o qrk1@interia.pl
The key's randomart image is:
+--[ED25519 256]--+
|    ...       .  |
|     . . .   . . |
|    . . . o . + o|
|     o . . O.. %+|
|      o S +.*.*o@|
|     .   . o.+++=|
|      .   o....=o|
|       E +  .. oB|
|        . .   oo+|
+----[SHA256]-----+
michal@michal:~/Pulpit/DEVOPS/keys$ ls
nopasskey  nopasskey.pub  passkey  passkey.pub
michal@michal:~/Pulpit/DEVOPS/keys$ cat passkey.pub
ssh-ed25519 AAAAC3NzaC1lZDI1NTE5AAAAIAVilMnBMPt3BS7EAueE83p4Nm8MI+d2v9hnvDitAxZx qrk1@interia.pl
michal@michal:~/Pulpit/DEVOPS/keys$ ssh-keygen -y -f ./passkey
Enter passphrase:
ssh-ed25519 AAAAC3NzaC1lZDI1NTE5AAAAIAVilMnBMPt3BS7EAueE83p4Nm8MI+d2v9hnvDitAxZx qrk1@interia.pl
michal@michal:~/Pulpit/DEVOPS/keys$ eval "$(ssh-agent -s)"
Agent pid 6668
michal@michal:~/Pulpit/DEVOPS/keys$ ssh-add nopasskey
Identity added: nopasskey (qrk1@interia.pl)
michal@michal:~/Pulpit/DEVOPS/keys$ git clone git@github.com:InzynieriaOprogramowaniaAGH/MDO2022_S.git
Klonowanie do „MDO2022_S”...
remote: Enumerating objects: 450, done.
remote: Counting objects: 100% (450/450), done.
remote: Compressing objects: 100% (318/318), done.
remote: Total 450 (delta 83), reused 419 (delta 58), pack-reused 0
Pobieranie obiektów: 100% (450/450), 8.91 MiB | 7.02 MiB/s, gotowe.
Rozwiązywanie delt: 100% (83/83), gotowe.
michal@michal:~/Pulpit/DEVOPS/keys$ ls
MDO2022_S  nopasskey  nopasskey.pub  passkey  passkey.pub
michal@michal:~/Pulpit/DEVOPS/keys$ cd MDO202_S
-bash: cd: MDO202_S: Nie ma takiego pliku ani katalogu
michal@michal:~/Pulpit/DEVOPS/keys$ cd MDO2022_S
michal@michal:~/Pulpit/DEVOPS/keys/MDO2022_S$ git branch
* master
michal@michal:~/Pulpit/DEVOPS/keys/MDO2022_S$ git checkout main
Gałąź „main” ustawiona na śledzenie zdalnej gałęzi „main” z „origin”.
Przełączono na nową gałąź „main”
michal@michal:~/Pulpit/DEVOPS/keys/MDO2022_S$ git checkout INO-GCL02
Gałąź „INO-GCL02” ustawiona na śledzenie zdalnej gałęzi „INO-GCL02” z „origin”.
Przełączono na nową gałąź „INO-GCL02”
michal@michal:~/Pulpit/DEVOPS/keys/MDO2022_S$ ls
BB401928  INO  JC401893  Lab_instructions  READMEs
michal@michal:~/Pulpit/DEVOPS/keys/MDO2022_S$ cd ..
michal@michal:~/.local/share/Trash/files$ ls
 MDO2022_S  'Zrzut ekranu z 2022-03-07 18-37-32.png'  'Zrzut ekranu z 2022-03-07 18-48-03.png'
michal@michal:~/.local/share/Trash/files$ cd ..
michal@michal:~/.local/share/Trash$ cd ..
michal@michal:~/.local/share$ cd ..
michal@michal:~/.local$ cd
michal@michal:~$ cd Pulpit
michal@michal:~/Pulpit$ ls
DEVOPS  plik.txt
michal@michal:~/Pulpit$ cd DEVOPS
michal@michal:~/Pulpit/DEVOPS$
michal@michal:~/Pulpit/DEVOPS$ mkdir workspace
michal@michal:~/Pulpit/DEVOPS$ ls
keys  workspace
michal@michal:~/Pulpit/DEVOPS$ cd workspace
michal@michal:~/Pulpit/DEVOPS/workspace$ ls
michal@michal:~/Pulpit/DEVOPS/workspace$ git clone git@github.com:InzynieriaOprogramowaniaAGH/MDO2022_S.git
Klonowanie do „MDO2022_S”...
Warning: Permanently added the ECDSA host key for IP address '140.82.121.4' to the list of known hosts.
remote: Enumerating objects: 450, done.
remote: Counting objects: 100% (450/450), done.
remote: Compressing objects: 100% (318/318), done.
remote: Total 450 (delta 83), reused 419 (delta 58), pack-reused 0
Pobieranie obiektów: 100% (450/450), 8.91 MiB | 6.38 MiB/s, gotowe.
Rozwiązywanie delt: 100% (83/83), gotowe.
michal@michal:~/Pulpit/DEVOPS/workspace$ git checkout main
fatal: to nie jest repozytorium gita (ani żaden z katalogów nadrzędnych): .git
michal@michal:~/Pulpit/DEVOPS/workspace$ cd MDO2022_S
michal@michal:~/Pulpit/DEVOPS/workspace/MDO2022_S$ git checkout main
Gałąź „main” ustawiona na śledzenie zdalnej gałęzi „main” z „origin”.
Przełączono na nową gałąź „main”
michal@michal:~/Pulpit/DEVOPS/workspace/MDO2022_S$ git checkout INO_GCL02
error: ścieżka „INO_GCL02” nie pasuje do żadnych plików znanych gitowi
michal@michal:~/Pulpit/DEVOPS/workspace/MDO2022_S$ git checkout INO-GCL02
Gałąź „INO-GCL02” ustawiona na śledzenie zdalnej gałęzi „INO-GCL02” z „origin”.
Przełączono na nową gałąź „INO-GCL02”
michal@michal:~/Pulpit/DEVOPS/workspace/MDO2022_S$ git checkout -b MP303995
Przełączono na nową gałąź „MP303995”
michal@michal:~/Pulpit/DEVOPS/workspace/MDO2022_S$ ls
BB401928  INO  JC401893  Lab_instructions  READMEs
michal@michal:~/Pulpit/DEVOPS/workspace/MDO2022_S$ cd INO
michal@michal:~/Pulpit/DEVOPS/workspace/MDO2022_S/INO$ ls
GCL01  GCL02
michal@michal:~/Pulpit/DEVOPS/workspace/MDO2022_S/INO$ cd GCL02
michal@michal:~/Pulpit/DEVOPS/workspace/MDO2022_S/INO/GCL02$ mkdir MP303995
michal@michal:~/Pulpit/DEVOPS/workspace/MDO2022_S/INO/GCL02$ ls
MP303995  WELCOME.md
michal@michal:~/Pulpit/DEVOPS/workspace/MDO2022_S/INO/GCL02$ cd MP303995
michal@michal:~/Pulpit/DEVOPS/workspace/MDO2022_S/INO/GCL02/MP303995$ ls
eval.png  gitcheckouts.png  gitclone.png  newbranch_dir.png  nopasskey.png  passkey.png  ssh-github.png
michal@michal:~/Pulpit/DEVOPS/workspace/MDO2022_S/INO/GCL02/MP303995$ cd ..
michal@michal:~/Pulpit/DEVOPS/workspace/MDO2022_S/INO/GCL02$ cd MP303995
michal@michal:~/Pulpit/DEVOPS/workspace/MDO2022_S/INO/GCL02/MP303995$